
> workflow-system@0.1.0 dev:api
> tsx watch --tsconfig apps/api/tsconfig.json apps/api/src/main.ts

[32m[Nest] 9028  - [39m05/11/2026, 12:30:02 AM [32m    LOG[39m [38;5;3m[NestFactory] [39m[32mStarting Nest application...[39m
[32m[Nest] 9028  - [39m05/11/2026, 12:30:02 AM [32m    LOG[39m [38;5;3m[InstanceLoader] [39m[32mAppModule dependencies initialized[39m[38;5;3m +43ms[39m
[32m[Nest] 9028  - [39m05/11/2026, 12:30:02 AM [32m    LOG[39m [38;5;3m[InstanceLoader] [39m[32mPrismaModule dependencies initialized[39m[38;5;3m +6ms[39m
[32m[Nest] 9028  - [39m05/11/2026, 12:30:02 AM [32m    LOG[39m [38;5;3m[InstanceLoader] [39m[32mConfigHostModule dependencies initialized[39m[38;5;3m +11ms[39m
[32m[Nest] 9028  - [39m05/11/2026, 12:30:02 AM [32m    LOG[39m [38;5;3m[InstanceLoader] [39m[32mSystemModule dependencies initialized[39m[38;5;3m +1ms[39m
[32m[Nest] 9028  - [39m05/11/2026, 12:30:02 AM [32m    LOG[39m [38;5;3m[InstanceLoader] [39m[32mOperationalDataModule dependencies initialized[39m[38;5;3m +1ms[39m
[32m[Nest] 9028  - [39m05/11/2026, 12:30:02 AM [32m    LOG[39m [38;5;3m[InstanceLoader] [39m[32mAppointmentsModule dependencies initialized[39m[38;5;3m +0ms[39m
[32m[Nest] 9028  - [39m05/11/2026, 12:30:02 AM [32m    LOG[39m [38;5;3m[InstanceLoader] [39m[32mCustomersModule dependencies initialized[39m[38;5;3m +1ms[39m
[32m[Nest] 9028  - [39m05/11/2026, 12:30:02 AM [32m    LOG[39m [38;5;3m[InstanceLoader] [39m[32mCommunicationsModule dependencies initialized[39m[38;5;3m +0ms[39m
[32m[Nest] 9028  - [39m05/11/2026, 12:30:02 AM [32m    LOG[39m [38;5;3m[InstanceLoader] [39m[32mFollowupsModule dependencies initialized[39m[38;5;3m +1ms[39m
[32m[Nest] 9028  - [39m05/11/2026, 12:30:02 AM [32m    LOG[39m [38;5;3m[InstanceLoader] [39m[32mConfigModule dependencies initialized[39m[38;5;3m +0ms[39m
[32m[Nest] 9028  - [39m05/11/2026, 12:30:02 AM [32m    LOG[39m [38;5;3m[RoutesResolver] [39m[32mSystemController {/api/system}:[39m[38;5;3m +532ms[39m
[32m[Nest] 9028  - [39m05/11/2026, 12:30:02 AM [32m    LOG[39m [38;5;3m[RouterExplorer] [39m[32mMapped {/api/system/status, GET} route[39m[38;5;3m +6ms[39m
[32m[Nest] 9028  - [39m05/11/2026, 12:30:02 AM [32m    LOG[39m [38;5;3m[RoutesResolver] [39m[32mOperationalDataController {/api/operational-data}:[39m[38;5;3m +1ms[39m
[32m[Nest] 9028  - [39m05/11/2026, 12:30:02 AM [32m    LOG[39m [38;5;3m[RouterExplorer] [39m[32mMapped {/api/operational-data, GET} route[39m[38;5;3m +1ms[39m
[32m[Nest] 9028  - [39m05/11/2026, 12:30:02 AM [32m    LOG[39m [38;5;3m[RoutesResolver] [39m[32mAppointmentsController {/api/appointments}:[39m[38;5;3m +0ms[39m
[32m[Nest] 9028  - [39m05/11/2026, 12:30:02 AM [32m    LOG[39m [38;5;3m[RouterExplorer] [39m[32mMapped {/api/appointments, POST} route[39m[38;5;3m +1ms[39m
[32m[Nest] 9028  - [39m05/11/2026, 12:30:02 AM [32m    LOG[39m [38;5;3m[RouterExplorer] [39m[32mMapped {/api/appointments/:id, DELETE} route[39m[38;5;3m +2ms[39m
[32m[Nest] 9028  - [39m05/11/2026, 12:30:02 AM [32m    LOG[39m [38;5;3m[RouterExplorer] [39m[32mMapped {/api/appointments/:id/status, PATCH} route[39m[38;5;3m +1ms[39m
[32m[Nest] 9028  - [39m05/11/2026, 12:30:02 AM [32m    LOG[39m [38;5;3m[RoutesResolver] [39m[32mCustomersController {/api/customers}:[39m[38;5;3m +1ms[39m
[32m[Nest] 9028  - [39m05/11/2026, 12:30:02 AM [32m    LOG[39m [38;5;3m[RouterExplorer] [39m[32mMapped {/api/customers, POST} route[39m[38;5;3m +1ms[39m
[32m[Nest] 9028  - [39m05/11/2026, 12:30:02 AM [32m    LOG[39m [38;5;3m[RoutesResolver] [39m[32mCommunicationsController {/api/communications}:[39m[38;5;3m +1ms[39m
[32m[Nest] 9028  - [39m05/11/2026, 12:30:02 AM [32m    LOG[39m [38;5;3m[RouterExplorer] [39m[32mMapped {/api/communications, POST} route[39m[38;5;3m +1ms[39m
[32m[Nest] 9028  - [39m05/11/2026, 12:30:02 AM [32m    LOG[39m [38;5;3m[RoutesResolver] [39m[32mFollowupsController {/api/followups}:[39m[38;5;3m +1ms[39m
[32m[Nest] 9028  - [39m05/11/2026, 12:30:02 AM [32m    LOG[39m [38;5;3m[RouterExplorer] [39m[32mMapped {/api/followups/:id, PATCH} route[39m[38;5;3m +1ms[39m
[32m[Nest] 9028  - [39m05/11/2026, 12:30:03 AM [32m    LOG[39m [38;5;3m[NestApplication] [39m[32mNest application successfully started[39m[38;5;3m +1150ms[39m
Nest API listening on http12:30:41 AM [tsx] change in ./apps\api\src\modules\appointments\appointments.controller.ts Rerunning...
c[32m[Nest] 17276  - [[32m[Nest] 27484  - [39m05/11/2026, 12:30:44 AM [32m    LOG[39m [38;5;3m[NestFactory] [39m[32mStarting Ne[32m[Nest] 17276  - [[32m[Nest] 27484  - [39m05/11/2026, 12:30:44 AM [32m    LOG[39m [38;5;3m[InstanceLoader] [39m[32mAppModule dependencies initialized[39m[38;5;3m +32ms[39m
[32m[Nest] 27484  - [39m05/11/2026, 12:30:44 AM [32m    LOG[39m [38;5;3m[InstanceLoader] [39m[32mPrismaModule dependencies initialized[39m[38;5;3m +5ms[39m
[32m[Nest] 27484  - [39m05/11/2026, 12:30:44 AM [32m    LOG[39m [38;5;3m[InstanceLoader] [39m[32mConfigHostModule dependencies initialized[39m[38;5;3m +8ms[39m
[32m[Nest] 27484  - [39m05/11/2026, 12:30:44 AM [32m    LOG[39m [38;5;3m[InstanceLoader] [39m[32mSystemModule dependencies initialized[39m[38;5;3m +0ms[39m
[32m[Nest] 27484  - [39m05/11/2026, 12:30:44 AM [32m    LOG[39m [38;5;3m[InstanceLoader] [39m[32mOperationalDataModule dependencies initialized[39m[38;5;3m +1ms[39m
[32m[Nest] 27484  - [39m05/11/2026, 12:30:44 AM [32m    LOG[39m [38;5;3m[InstanceLoader] [39m[32mCustomersModule dependencies initialized[39m[38;5;3m +0ms[39m
[32m[Nest] 27484  - [39m05/11/2026, 12:30:44 AM [32m    LOG[39m [38;5;3m[InstanceLoader] [39m[32mCommunicationsModule dependencies initialized[39m[38;5;3m +1ms[39m
[32m[Nest] 27484  - [39m05/11/2026, 12:30:44 AM [32m    LOG[39m [38;5;3m[InstanceLoader] [39m[32mFollowupsModule dependencies initialized[39m[38;5;3m +0ms[39m
[32m[Nest] 27484  - [39m05/11/2026, 12:30:44 AM [32m    LOG[39m [38;5;3m[InstanceLoader] [39m[32mAppointmentsModule dependencies initialized[39m[38;5;3m +1ms[39m
[32m[Nest] 27484  - [39m05/11/2026, 12:30:44 AM [32m    LOG[39m [38;5;3m[InstanceLoader] [39m[32mConfigModule dependencies initialized[[32m[Nest] 17276  - [[32m[Nest] 27484  - [39m05/11/2026, 12:30:44 AM [32m    LOG[39m [38;5;3m[RoutesResolver] [39m[32mSystemController {/api/system}:[39m[38;5;3m +624ms[39m
[32m[Nest] 27484  - [39m05/11/2026, 12:30:44 AM [32m    LOG[39m [38;5;3m[RouterExplorer] [39m[32mMapped {/api/system/status, GET} route[39m[38;5;3m +8ms[39m
[32m[Nest] 27484  - [39m05/11/2026, 12:30:44 AM [32m    LOG[39m [38;5;3m[RoutesResolver] [39m[32mOperationalDataController {/api/operational-data}:[39m[38;5;3m +1ms[39m
[32m[Nest] 27484  - [39m05/11/2026, 12:30:44 AM [32m    LOG[39m [38;5;3m[RouterExplorer] [39m[32mMapped {/api/operational-data, GET} route[39m[38;5;3m +1ms[39m
[32m[Nest] 27484  - [39m05/11/2026, 12:30:44 AM [32m    LOG[39m [38;5;3m[RoutesResolver] [39m[32mAppointmentsController {/api/appointments}:[39m[38;5;3m +1ms[39m
[32m[Nest] 27484  - [39m05/11/2026, 12:30:44 AM [32m    LOG[39m [38;5;3m[RouterExplorer] [39m[32mMapped {/api/appointments, POST} route[39m[38;5;3m +1ms[39m
[32m[Nest] 27484  - [39m05/11/2026, 12:30:44 AM [32m    LOG[39m [38;5;3m[RouterExplorer] [39m[32mMapped {/api/appointments/:id, DELETE} route[39m[38;5;3m +1ms[39m
[32m[Nest] 27484  - [39m05/11/2026, 12:30:44 AM [32m    LOG[39m [38;5;3m[RouterExplorer] [39m[32mMapped {/api/appointments/:id/status, PATCH} route[39m[38;5;3m +1ms[39m
[32m[Nest] 27484  - [39m05/11/2026, 12:30:44 AM [32m    LOG[39m [38;5;3m[RoutesResolver] [39m[32mCustomersController {/api/customers}:[39m[38;5;3m +0ms[39m
[32m[Nest] 27484  - [39m05/11/2026, 12:30:44 AM [32m    LOG[39m [38;5;3m[RouterExplorer] [39m[32mMapped {/api/customers, POST} route[39m[38;5;3m +1ms[39m
[32m[Nest] 27484  - [39m05/11/2026, 12:30:44 AM [32m    LOG[39m [38;5;3m[RoutesResolver] [39m[32mCommunicationsController {/api/communications}:[39m[38;5;3m +0ms[39m
[32m[Nest] 27484  - [39m05/11/2026, 12:30:44 AM [32m    LOG[39m [38;5;3m[RouterExplorer] [39m[32mMapped {/api/communications, POST} route[39m[38;5;3m +1ms[39m
[32m[Nest] 27484  - [39m05/11/2026, 12:30:44 AM [32m    LOG[39m [38;5;3m[RoutesResolver] [39m[32mFollowupsController {/api/followups}:[39m[38;5;3m +0ms[39m
[32m[Nest] 27484  - [39m05/11/2026, 12:30:44 AM [32m    LOG[39m [38;5;3m[RouterExplorer] [39m[32mMapped {/api/followups/:id, PATCH} route[3[32m[Nest] 17276  - [39m05/11/2026, 12:30:46 AM [32m    LOG[39m [38;5;3m[NestApplication] [39m[32mNest application successfully started[39m[38;5;3m +1142ms[39m
12:30:48 AM [tsx] change in ./apps\api\src\modules\appointments\appointments.service.ts Rerunning...
c[32m[Nest] 30848  - [39m05/11/2026, 12:30:50 AM [32m    LOG[39m [3[32m[Nest] 29928  - [39m05/11/2026, 12:30:50 AM [32m    LOG[[32m[Nest] 30848  - [39m05/11/2026, 12:30:50 AM [32m    LOG[39m [3[32m[Nest] 29928  - [39m05/11/2026, 12:30:50 AM [32m    LOG[39m [38;5;3m[InstanceLoader][32m[Nest] 30848  - [39m05/11/2026, 12:30:50 AM [32m    LOG[39m [3[32m[Nest] 29928  - [39m05/11/2026, 12:30:50 AM [32m    LOG[39m [38;5;3m[InstanceLoader] [32m[Nest] 30848  - [39m05/11/2026, 12:30:50 AM [32m    LOG[39m [3[32m[Nest] 29928  - [39m05/11/2026, 12:30:50 AM [32m    LOG[39m [38;5;3m[InstanceLoader] [39m[32mConfigHostModule dependencies initialized[39m[38;5;3m +8ms[39m
[32m[Nest] 29928  - [39m05/11/2026, 12:30:50 AM [32m    LOG[39m [38;5;3m[InstanceLoader] [39m[32mSystemModule dependencies initialized[39m[38;5;3m +0ms[39m
[32m[Nest] 29928  - [39m05/11/2026, 12:30:50 AM [32m    LOG[39m [38;5;3m[InstanceLoader] [39m[32mOperationalDataModule dependencies initialized[39m[38;5;3m +1ms[39m
[32m[Nest] 29928  - [39m05/11/2026, 12:30:50 AM [32m    LOG[39m [38;5;3m[InstanceLoader] [39m[32mCustomersModule dependencies initialized[39m[38;5;3m +0ms[39m
[32m[Nest] 29928  - [39m05/11/2026, 12:30:50 AM [32m    LOG[39m [38;5;3m[InstanceLoader] [39m[32mCommunicationsModule dependencies initialized[39m[38;5;3m +0ms[39m
[32m[Nest] 29928  - [39m05/11/2026, 12:30:50 AM [32m    LOG[39m [38;5;3m[InstanceLoader] [39m[32mFollowupsModule dependencies initialized[39m[38;5;3m +1ms[39m
[32m[Nest] 29928  - [39m05/11/2026, 12:30:50 AM [32m    LOG[39m [38;5;3m[InstanceLoader] [39m[32mConfigModule dependencies initialized[39m[38;5;3m +0ms[39m
[32m[Nest] 29928  - [39m05/11/2026, 12:30:50 AM [32m    LOG[39m [38;5;3m[InstanceLoader] [39m[[32m[Nest] 30848  - [39m05/11/2026, 12:30:51 AM [32m    LOG[39m [3[32m[Nest] 29928  - [39m05/11/2026, 12:30:51 AM [32m    LOG[39m [38;5;3m[RoutesResolve[32m[Nest] 30848  - [39m05/11/2026, 12:30:51 AM [32m    LOG[39m [3[32m[Nest] 29928  - [39m05/11/2026, 12:30:51 AM [32m    LOG[39m [38;5;3m[RouterExplorer] [3[32m[Nest] 30848  - [39m05/11/2026, 12:30:51 AM [32m    LOG[39m [3[32m[Nest] 29928  - [39m05/11/2026, 12:30:51 AM [32m    LOG[39m [38;5;3m[RoutesResolver] [39m[32mOper[32m[Nest] 30848  - [39m05/11/2026, 12:30:51 AM [32m    LOG[39m [3[32m[Nest] 29928  - [39m05/11/2026, 12:30:51 AM [32m    LOG[39m [38;5;3m[RouterExplorer] [39m[32mMapped {/api/operational-data, GET} route[39m[38;5;3m +1ms[39m
[32m[Nest] 29928  - [39m05/11/2026, 12:30:51 AM [32m    LOG[39m [38;5;3m[RoutesResolver] [39m[[32m[Nest] 30848  - [39m05/11/2026, 12:30:51 AM [32m    LOG[39m [3[32m[Nest] 29928  - [39m05/11/2026, 12:30:51 AM [32m    LOG[39m [38;5;3m[RouterExplorer] [[32m[Nest] 30848  - [39m05/11/2026, 12:30:51 AM [32m    LOG[39m [3[32m[Nest] 29928  - [39m05/11/2026, 12:30:51 AM [32m    LOG[39m [38;5;3m[RouterExplorer] [39m[3[32m[Nest] 30848  - [39m05/11/2026, 12:30:51 AM [32m    LOG[39m [3[32m[Nest] 29928  - [39m05/11/2026, 12:30:51 AM [32m    LOG[39m [38;5;3m[RouterExplorer] [39m[32mMapped {/api/appointments/:id/status, PATCH} route[39m[38;5;3m +1ms[39m
[32m[Nest] 29928  - [39m05/11/2026, 12:30:51 AM [32m    LOG[39m [38;5;3m[RoutesResolver] [32m[Nest] 30848  - [39m05/11/2026, 12:30:51 AM [32m    LOG[39m [3[32m[Nest] 29928  - [39m05/11/2026, 12:30:51 AM [32m    LOG[39m [38;5;3m[RouterExplorer] [39m[32mMapped {/api/customers, POST} route[39m[38;5;3m +1ms[39m
[32m[Nest] 29928  - [39m05/11/2026, 12:30:51 AM [32m    LOG[39m [38;5;3m[RoutesResolver] [39m[32mC[32m[Nest] 30848  - [39m05/11/2026, 12:30:51 AM [32m    LOG[39m [3[32m[Nest] 29928  - [39m05/11/2026, 12:30:51 AM [32m    LOG[39m [38;5;3m[RouterExplorer] [39m[32mMapped {/api/communications, POST} route[39m[38;5;3m +1ms[39m
[32m[Nest] 29928  - [39m05/11/2026, 12:30:51 AM [32m    LOG[39m [38;5;3m[RoutesResolver] [32m[Nest] 30848  - [39m05/11/2026, 12:30:51 AM [32m    LOG[39m [3[32m[Nest] 29928  - [39m05/11/2026, 12:30:51 AM [32m    LOG[39m [38;5;3m[RouterExplorer] [39[32m[Nest] 30848  - [39m05/11/2026, 12:30:52 AM [32m    LOG[39m [38;5;3m[NestApplication] [39m[32mNest application successfully started[39m[38;5;3m +1134ms[39m
12:30:55 AM [tsx] change in ./apps\api\src\modules\customers\customers.controller.ts Rerunning...
c[32m[Nest] 23840  - [39m05/11/2026, 12:30:57 AM [32m    LOG[39m [38;5;3m[NestFactory] [39m[32mStarting Nest appli[32m[Nest] 120[32m[Nest] 23840  - [39m05/11/2026, 12:30:57 AM [32m    LOG[39m [38;5;3m[InstanceLoader] [39m[32mAppModule depend[32m[Nest] 12004  - [39m05/11/2026, 12:30:57 AM [32m    LOG[39m [38;5;3m[InstanceLoader] [39m[32mAppModule dependencies initialized[39m[38;5;3m +32ms[39m
[32m[Nest] 12004  - [39m05/11/2026, 12:30:57[32m[Nest] 23840  - [39m05/11/2026, 12:30:57 AM [32m    LOG[39m [38;5;3m[InstanceLoader] [39m[32mConfigHostModule[32m[Nest] 12004  - [39m05/11/2026, 12:30:57 AM [32m    LOG[39m [38;5;3m[InstanceLoader] [39m[32mConfigHostModule dependencies initialized[39m[38;5;3m +6ms[39m
[32m[Nest] 12004  - [39m05/11/2026, 12:30:57 AM [32m    LOG[39m [38;5;3m[InstanceLoader] [39m[32mSystemModule dependencies initialized[39m[38;5;3m +1ms[39m
[32m[Nest] 12004  - [39m05/11/2026, 12:30:57 AM [32m    LOG[39m [38;5;3m[InstanceLoader] [39m[32mOperationalDataModule dependencies initialized[39m[38;5;3m +0ms[39m
[32m[Nest] 12004  - [39m05/11/2026, 12:30:57 AM [32m    LOG[39m [38;5;3m[InstanceLoader] [39m[32mCommunicationsModule dependencies initialized[39m[38;5;3m +1ms[39m
[32m[Nest] 12004  - [39m05/11/2026, 12:30:57 AM [32m    LOG[39m [38;5;3m[InstanceLoader] [39m[32mFollowupsModule dependencies initialized[39m[38;5;3m +0ms[39m
[32m[Nest] 12004  - [39m05/11/2026, 12:30:57 AM [32m    LOG[39m [38;5;3m[InstanceLoader] [39m[32mCustomersModule dependencies initialized[39m[38;5;3m +1ms[39m
[32m[Nest] 12004  - [39m05/11/2026, 12:30:57 AM [32m    LOG[39m [38;5;3m[InstanceLoader] [39m[32mConfigModule dependencies initialized[39m[38;5;3m +0ms[39m
[32m[Nest] 12004  - [39m05/11/2026, 12:30:57 AM [[32m[Nest] 23840  - [39m05/11/2026, 12:30:58 AM [32m    LOG[39m [38;5;3m[RoutesResolver] [39m[32mSystemController {/api/system}:[39m[38;5;3m +500ms[39m
[32m[Nest] 23840  - [39m05/11/2026, 12:30:58 AM [32m    LOG[39m [38;5;3m[RouterExplorer] [39m[32mMapped {/api/system/status, GET} route[39m[38;5;3m +8ms[39m
[32m[Nest] 23840  - [39m05/11/2026, 12:30:58 AM [32m    LOG[39m [38;5;3m[RoutesResolver] [39m[32mOperationalDataController {/api/operational-data}:[39m[38;5;3m +0ms[39m
[32m[Nest] 23840  - [39m05/11/2026, 12:30:58 AM [32m    LOG[39m [38;5;3m[RouterExplorer] [39m[32mMapped {/api/operational-data, GET} route[39m[38;5;3m +1ms[39m
[32m[Nest] 23840  - [39m05/11/2026, 12:30:58 AM [32m    LOG[39m [38;5;3m[RoutesResolver] [39m[32mAppointmentsController {/api/appointments}:[39m[38;5;3m +0ms[39m
[32m[Nest] 23840  - [39m05/11/2026, 12:30:58 AM [32m    LOG[39m [38;5;3m[RouterExplorer] [39m[32mMapped {/api/appointments, POST} route[39m[38;5;3m +1ms[39m
[32m[Nest] 23840  - [39m05/11/2026, 12:30:58 AM [32m    LOG[39m [38;5;3m[RouterExplorer] [39m[32mMapped {/api/appointments/:id, DELETE} route[39m[38;5;3m +1ms[39m
[32m[Nest] 23840  - [39m05/11/2026, 12:30:58 AM [32m    LOG[39m [38;5;3m[RouterExplorer] [39m[32mMapped {/api/appointments/:id/status, PATCH} route[39m[38;5;3m +1ms[39m
[32m[Nest] 23840  - [39m05/11/2026, 12:30:58 AM [32m    LOG[39m [38;5;3m[RoutesResolver] [39m[32mCustomersController {/api/customers}:[39m[38;5;3m +1ms[39m
[32m[Nest] 23840  - [39m05/11/2026, 12:30:58 AM [32m    LOG[39m [38;5;3m[RouterExplorer] [39m[32mMapped {/api/customers, POST} route[39m[38;5;3m +0ms[39m
[32m[Nest] 23840  - [39m05/11/2026, 12:30:58 AM [32m    LOG[39m [38;5;3m[RoutesResolver] [39m[32mCommunicationsController {/api/communications}:[39m[38;5;3m +1ms[39m
[32m[Nest] 23840  - [39m05/11/2026, 12:30:58 AM [32m    LOG[39m [38;5;3m[RouterExplorer] [39m[32mMapped {/api/communications, POST} route[39m[38;5;3m +0ms[39m
[32m[Nest] 23840  - [39m05/11/2026, 12:30:58 AM [32m    LOG[39m [38;5;3m[RoutesResolver] [39m[32mFollowupsController {/api/followups}:[39m[38;5;3m +1ms[39m
[32m[Nest] 23840  - [39m05/11/2026, 12:30:58 AM [32m    LOG[39m [38;5;3m[RouterExplorer] [39m[32mMapped {/api/followups/:id, PATCH} route[39m[38;5;3m +0ms[39m
[32m[Nest] 23840  - [39m05/11/2026, 12:30:59 AM [32m    LOG[39m [38;5;3m[NestApplication] [39m[32mNest applicatio[32m[Nest] 12004  - [39m05/11/2026, 12:31:00 AM [32m    LOG[39m [38;5;3m[NestApplication] [312:31:06 AM [tsx] change in ./apps\api\src\modules\customers\customers.service.ts Restarting...
c[32m[Nest] 19960  - [39m05/11/2026, 12:31:08 AM [32m    LOG[39m [3[32m[Nest] 11936  - [39m05/11/2026, 12:31:08 AM [32m    LOG[[32m[Nest] 19960  - [39m05/11/2026, 12:31:08 AM [32m    LOG[39m [3[32m[Nest] 11936  - [39m05/11/2026, 12:31:08 AM [32m    LOG[39m [38;5;3m[InstanceLoader][32m[Nest] 19960  - [39m05/11/2026, 12:31:08 AM [32m    LOG[39m [3[32m[Nest] 11936  - [39m05/11/2026, 12:31:08 AM [32m    LOG[39m [38;5;3m[InstanceLoader] [32m[Nest] 19960  - [39m05/11/2026, 12:31:08 AM [32m    LOG[39m [3[32m[Nest] 11936  - [39m05/11/2026, 12:31:08 AM [32m    LOG[39m [38;5;3m[InstanceLoader] [39m[32m[Nest] 19960  - [39m05/11/2026, 12:31:08 AM [32m    LOG[39m [3[32m[Nest] 11936  - [39m05/11/2026, 12:31:08 AM [32m    LOG[39m [38;5;3m[InstanceLoader] [32m[Nest] 19960  - [39m05/11/2026, 12:31:08 AM [32m    LOG[39m [3[32m[Nest] 11936  - [39m05/11/2026, 12:31:08 AM [32m    LOG[39m [38;5;3m[InstanceLoader] [39m[32m[32m[Nest] 19960  - [39m05/11/2026, 12:31:08 AM [32m    LOG[39m [3[32m[Nest] 11936  - [39m05/11/2026, 12:31:08 AM [32m    LOG[39m [38;5;3m[InstanceLoader] [39m[32[32m[Nest] 19960  - [39m05/11/2026, 12:31:08 AM [32m    LOG[39m [3[32m[Nest] 11936  - [39m05/11/2026, 12:31:08 AM [32m    LOG[39m [38;5;3m[InstanceLoader] [39[32m[Nest] 19960  - [39m05/11/2026, 12:31:08 AM [32m    LOG[39m [3[32m[Nest] 11936  - [39m05/11/2026, 12:31:08 AM [32m    LOG[39m [38;5;3m[InstanceLoader] [32m[Nest] 19960  - [39m05/11/2026, 12:31:08 AM [32m    LOG[39m [3[32m[Nest] 11936  - [39m05/11/2026, 12:31:08 AM [32m    LOG[39m [38;5;3m[InstanceLoader] [39m[[32m[Nest] 19960  - [39m05/11/2026, 12:31:08 AM [32m    LOG[39m [3[32m[Nest] 11936  - [39m05/11/2026, 12:31:08 AM [32m    LOG[39m [38;5;3m[InstanceLoader] [39[32m[Nest] 19960  - [39m05/11/2026, 12:31:09 AM [32m    LOG[39m [3[32m[Nest] 11936  - [39m05/11/2026, 12:31:09 AM [32m    LOG[39m [38;5;3m[RoutesResolve[32m[Nest] 19960  - [39m05/11/2026, 12:31:09 AM [32m    LOG[39m [3[32m[Nest] 11936  - [39m05/11/2026, 12:31:09 AM [32m    LOG[39m [38;5;3m[RouterExplorer] [[32m[Nest] 19960  - [39m05/11/2026, 12:31:09 AM [32m    LOG[39m [3[32m[Nest] 11936  - [39m05/11/2026, 12:31:09 AM [32m    LOG[39m [38;5;3m[RoutesResolver] [39m[32mOper[32m[Nest] 19960  - [39m05/11/2026, 12:31:09 AM [32m    LOG[39m [3[32m[Nest] 11936  - [39m05/11/2026, 12:31:09 AM [32m    LOG[39m [38;5;3m[RouterExplorer] [39m[32m[Nest] 19960  - [39m05/11/2026, 12:31:09 AM [32m    LOG[39m [3[32m[Nest] 11936  - [39m05/11/2026, 12:31:09 AM [32m    LOG[39m [38;5;3m[RoutesResolver] [39m[[32m[Nest] 19960  - [39m05/11/2026, 12:31:09 AM [32m    LOG[39m [3[32m[Nest] 11936  - [39m05/11/2026, 12:31:09 AM [32m    LOG[39m [38;5;3m[RouterExplorer] [[32m[Nest] 19960  - [39m05/11/2026, 12:31:09 AM [32m    LOG[39m [3[32m[Nest] 11936  - [39m05/11/2026, 12:31:09 AM [32m    LOG[39m [38;5;3m[RouterExplorer] [39m[3[32m[Nest] 19960  - [39m05/11/2026, 12:31:09 AM [32m    LOG[39m [3[32m[Nest] 11936  - [39m05/11/2026, 12:31:09 AM [32m    LOG[39m [38;5;3m[RouterExplorer] [39m[32mMapp[32m[Nest] 19960  - [39m05/11/2026, 12:31:09 AM [32m    LOG[39m [3[32m[Nest] 11936  - [39m05/11/2026, 12:31:09 AM [32m    LOG[39m [38;5;3m[RoutesResolver] [32m[Nest] 19960  - [39m05/11/2026, 12:31:09 AM [32m    LOG[39m [3[32m[Nest] 11936  - [39m05/11/2026, 12:31:09 AM [32m    LOG[39m [38;5;3m[RouterExplorer][32m[Nest] 19960  - [39m05/11/2026, 12:31:09 AM [32m    LOG[39m [3[32m[Nest] 11936  - [39m05/11/2026, 12:31:09 AM [32m    LOG[39m [38;5;3m[RoutesResolver] [39m[32mC[32m[Nest] 19960  - [39m05/11/2026, 12:31:09 AM [32m    LOG[39m [3[32m[Nest] 11936  - [39m05/11/2026, 12:31:09 AM [32m    LOG[39m [38;5;3m[RouterExplorer] [39[32m[Nest] 19960  - [39m05/11/2026, 12:31:09 AM [32m    LOG[39m [3[32m[Nest] 11936  - [39m05/11/2026, 12:31:09 AM [32m    LOG[39m [38;5;3m[RoutesResolver] [32m[Nest] 19960  - [39m05/11/2026, 12:31:09 AM [32m    LOG[39m [3[32m[Nest] 11936  - [39m05/11/2026, 12:31:09 AM [32m    LOG[39m [38;5;3m[RouterExplorer] [39[32m[Nest] 19960  - [39m05/11/2026, 12:31:10 AM [32m    LOG[39m [38;5;3m[NestApplication] [39m[32mNest application successfully started[39m[38;5;3m +1133ms[39m
12:31:13 AM [tsx] change in ./apps\api\src\modules\communications\communications.controller.ts Rerunning...
c[32m[Nest] 6288  - [39m05/11/2026, 12:31:15 AM [32m    LOG[39m [38;5;3m[NestFactory] [39m[32mStarting Nest applic[32m[Nest] 10[32m[Nest] 6288  - [39m05/11/2026, 12:31:15 AM [32m    LOG[39m [38;5;3m[InstanceLoader] [39m[32mAppModule dependen[32m[Nest] 10884  - [39m05/11/2026, 12:31:15 AM [32m    LOG[39m [38;5;3m[InstanceLoader] [39m[32mAppModule dependencies initialized[39m[38;5;3m +30ms[39m
[32m[Nest] 10884  - [39m05/11/2026, 12:31:15 AM [32m    LOG[39m [38;5;3m[InstanceLoader] [39m[32mPrismaModule dependencies initialized[39m[38;5;3m +5ms[39m
[32m[Nest] 10884  - [39m05/11/2026, 12:31:15 AM [32m    LOG[39m [38;5;3m[InstanceLoader] [39m[32mConfigHostModule dependencies initialized[39m[38;5;3m +6ms[39m
[32m[Nest] 10884  - [39m05/11/2026, 12:31:15 AM [32m    LOG[39m [38;5;3m[InstanceLoader] [39m[32mSystemModule dependencies initialized[39m[38;5;3m +1ms[39m
[32m[Nest] 10884  - [39m05/11/2026, 12:31:15 AM [32m    LOG[39m [38;5;3m[InstanceLoader] [39m[32mOperationalDataModule dependencies initialized[39m[38;5;3m +0ms[39m
[32m[Nest] 10884  - [39m05/11/2026, 12:31:15 AM [32m    LOG[39m [38;5;3m[InstanceLoader] [39m[32mFollowupsModule dependencies initialized[39m[38;5;3m +0ms[39m
[32m[Nest] 10884  - [39m05/11/2026, 12:31:15 AM [32m    LOG[39m [38;5;3m[InstanceLoader] [39m[32mCommunicationsModule dependencies initialized[39m[38;5;3m +1ms[39m
[32m[Nest] 10884  - [39m05/11/2026, 12:31:15 AM [32m    LOG[39m [38;5;3m[InstanceLoader] [39m[32mConfigModule dependencies initialized[39m[38;5;3m +0ms[39m
[32m[Nest] 10884  - [39m05/11/2026, 12:31:15 AM [32m    LOG[39m [38;5;3m[InstanceLoader] [39m[32mAppointmentsModule dependencies initialized[39m[38;5;3m +0ms[39m
[32m[Nest] 10884  - [39m05/11/2026, [32m[Nest] 6288  - [39m05/11/2026, 12:31:16 AM [32m    LOG[39m [38;5;3m[RoutesResolver] [39m[32mSystemController {/api/system}:[39m[38;5;3m +523ms[39m
[32m[Nest] 6288  - [39m05/11/2026, 12:31:16 AM [32m    LOG[39m [38;5;3m[RouterExplorer] [39m[32mMapped {/api/system/status, G[32m[Nest] 10884  - [39m05/11/202[32m[Nest] 6288  - [39m05/11/2026, 12:31:16 AM [32m    LOG[39m [38;5;3m[RoutesResolver] [39m[32mOperationalDataController {/ap[32m[Nest] 10884  - [39m05/11/2026, 12:31:1[32m[Nest] 6288  - [39m05/11/2026, 12:31:16 AM [32m    LOG[39m [38;5;3m[RouterExplorer] [39m[32mMapped {/api/operational-data, [32m[Nest] 10884  - [39m05/11/202[32m[Nest] 6288  - [39m05/11/2026, 12:31:16 AM [32m    LOG[39m [38;5;3m[RoutesResolver] [39m[32mAppointmentsController {/api/app[32m[Nest] 10884  - [39m05/11/2026[32m[Nest] 6288  - [39m05/11/2026, 12:31:16 AM [32m    LOG[39m [38;5;3m[RouterExplorer] [39m[32mMapped {/api/appointments, POST} [32m[Nest] 10884  - [39m05/1[32m[Nest] 6288  - [39m05/11/2026, 12:31:16 AM [32m    LOG[39m [38;5;3m[RouterExplorer] [39m[32mMapped {/api/appointments/:id, DEL[32m[Nest] 10884  - [39m05/11/202[32m[Nest] 6288  - [39m05/11/2026, 12:31:16 AM [32m    LOG[39m [38;5;3m[RouterExplorer] [39m[32mMapped {/api/appointments/:id/statu[32m[Nest] 10884  - [39m05/11/2026, 12[32m[Nest] 6288  - [39m05/11/2026, 12:31:16 AM [32m    LOG[39m [38;5;3m[RoutesResolver] [39m[32mCustomersController {/api/customers}[32m[Nest] 10884  - [39m[32m[Nest] 6288  - [39m05/11/2026, 12:31:16 AM [32m    LOG[39m [38;5;3m[RouterExplorer] [39m[32mMapped {/api/customers, POST} route[[32m[Nest] 10884  - [[32m[Nest] 6288  - [39m05/11/2026, 12:31:16 AM [32m    LOG[39m [38;5;3m[RoutesResolver] [39m[32mCommunicationsController {/api/communi[32m[Nest] 10884  - [39m05/11/20[32m[Nest] 6288  - [39m05/11/2026, 12:31:16 AM [32m    LOG[39m [38;5;3m[RouterExplorer] [39m[32mMapped {/api/communications, POST} rout[32m[Nest] 10884  - [39m05/11/2026, 12:31:16 AM [32m    LOG[39m [38;5;3m[RouterExplorer] [39m[32mMapped {/api/communications, POST} route[39m[38;5;3m +1ms[39m
[32m[Nest] 10884  - [32m[Nest] 6288  - [39m05/11/2026, 12:31:16 AM [32m    LOG[39m [38;5;3m[RouterExplorer] [39m[32mMapped {/api/followups/:id, PATCH} route[32m[Nest] 10884  - [3[32m[Nest] 6288  - [39m05/11/2026, 12:31:17 AM [32m    LOG[39m [38;5;3m[NestApplication] [39m[32mNest application successfully started[39[32m[Nest] 10884  - [3Nest API listening on http://localhost:4000/api
12:31:20 AM [tsx] change in ./apps\api\src\modules\communications\communications.service.ts Restar12:31:20c[32m[Nest] 21068  - [39m05/11/2026, 12:31:23 AM [32m    LOG[39m [38;5;3m[NestFactory] [39m[32mStarting Nest application...[39m
[32m[Nest] 21068  - [39m05/11/2026, 12:31:23 AM [32m    LOG[39m [38;5;3m[InstanceLoader] [39m[32mAppModule dependencies initialized[39m[38;5;3m +46ms[39m
[32m[Nest] 21068  - [39m05/11/2026, 12:31:23 AM [32m    LOG[39m [38;5;3m[InstanceLoader] [39m[32mPrismaModule dependencies initialized[39m[38;5;3m +9ms[39m
[32m[Nest] 21068  - [39m05/11/2026, 12:31:23 AM [32m    LOG[39m [38;5;3m[InstanceLoader] [39m[32mConfigHostModule dependencies initialized[39m[38;5;3m +7ms[39m
[32m[Nest] 21068  - [39m05/11/2026, 12:31:23 AM [32m    LOG[39m [38;5;3m[InstanceLoader] [39m[32mSystemModule dependencies initialized[39m[38;5;3m +1ms[39m
[32m[Nest] 21068  - [39m05/11/2026, 12:31:23 AM [32m    LOG[39m [38;5;3m[InstanceLoader] [39[32m[Nest] 32668  - [39m05/11/2026, 12:31:23 AM [32m    LOG[39m [38;5;3m[32m[Nest] 21068  - [39m05/11/2026, 12:31:23 AM [32m    LOG[39m [38;5;3m[InstanceLoader] [39[32m[Nest] 32668  - [39m05/11/2026, 12:31:23 AM [32m    LOG[39m [3[32m[Nest] 21068  - [39m05/11/2026, 12:31:23 AM [32m    LOG[39m [38;5;3m[InstanceLoader] [39[32m[Nest] 32668  - [39m05/11/2026, 12:31:23 AM [32m    LOG[39m [32m[Nest] 21068  - [39m05/11/2026, 12:31:23 AM [32m    LOG[39m [38;5;3m[InstanceLoader] [39[32m[Nest] 32668  - [39m05/11/2026, 12:31:23 AM [32m    LOG[39m [38;5[32m[Nest] 21068  - [39m05/11/2026, 12:31:23 AM [32m    LOG[39m [38;5;3m[InstanceLoader] [39[32m[Nest] 32668  - [39m05/11/2026, 12:31:23 AM [32m    LOG[39m [3[32m[Nest] 21068  - [39m05/11/2026, 12:31:23 AM [32m    LOG[39m [38;5;3m[InstanceLoader] [39[32m[Nest] 32668  - [39m05/11/2026, 12:31:23 AM [32m    LOG[39m [38;5;3[32m[Nest] 21068  - [39m05/11/2026, 12:31:23 AM [32m    LOG[39m [38;5;3m[RoutesResolver] [39[32m[Nest] 32668  - [39m05/11/2026, 12:31:23 AM [32m    LOG[[32m[Nest] 21068  - [39m05/11/2026, 12:31:23 AM [32m    LOG[39m [38;5;3m[RouterExplorer] [39[32m[Nest] 32668  - [39m05/11/2026, 12:31:23 AM [32m    LOG[39m [[32m[Nest] 21068  - [39m05/11/2026, 12:31:23 AM [32m    LOG[39m [38;5;3m[RoutesResolver] [39[32m[Nest] 32668  - [39m05/11/2026, 12:31:23 AM [32m    LOG[39m [38;5;3m[Rou[32m[Nest] 21068  - [39m05/11/2026, 12:31:23 AM [32m    LOG[39m [38;5;3m[RouterExplorer] [39[32m[Nest] 32668  - [39m05/11/2026, 12:31:23 AM [32m    LOG[39m [38[32m[Nest] 21068  - [39m05/11/2026, 12:31:23 AM [32m    LOG[39m [38;5;3m[RoutesResolver] [39[32m[Nest] 32668  - [39m05/11/2026, 12:31:23 AM [32m    LOG[39m [38;5[32m[Nest] 21068  - [39m05/11/2026, 12:31:23 AM [32m    LOG[39m [38;5;3m[RouterExplorer] [39[32m[Nest] 32668  - [39m05/11/2026, 12:31:23 AM [32m    LOG[39m [32m[Nest] 21068  - [39m05/11/2026, 12:31:23 AM [32m    LOG[39m [38;5;3m[RouterExplorer] [39m[32mMapped {/api/appointments/:id, DELETE} route[39m[38;5;3m +2ms[39m
[32m[Nest] 21068  - [39m05/11/2026, 12:31:23 AM [32m    LOG[39m [38;5;3m[RouterExplorer] [39m[32mMapped {/api/appointments/:id/status, PATCH} route[39m[38;5;3m +1ms[39m
[32m[Nest] 21068  - [39m05/11/2026, 12:31:23 AM [32m    LOG[39m [38;5;3m[RoutesResolver] [39m[32mCustomersController {/api/customers}:[39m[38;5;3m +1ms[39m
[32m[Nest] 21068  - [39m05/11/2026, 12:31:23 AM [32m    LOG[39m [38;5;3m[RouterExplorer] [39[32m[Nest] 32668  - [39m05/11/2026, 12:31:23 AM [32m    LOG[39[32m[Nest] 21068  - [39m05/11/2026, 12:31:23 AM [32m    LOG[39m [38;5;3m[RoutesResolver] [39[32m[Nest] 32668  - [39m05/11/2026, 12:31:23 AM [32m    LOG[39m [38;5;3m[[32m[Nest] 21068  - [39m05/11/2026, 12:31:23 AM [32m    LOG[39m [38;5;3m[RouterExplorer] [39[32m[Nest] 32668  - [39m05/11/2026, 12:31:23 AM [32m    LOG[39m [3[32m[Nest] 21068  - [39m05/11/2026, 12:31:23 AM [32m    LOG[39m [38;5;3m[RoutesResolver] [39[32m[Nest] 32668  - [39m05/11/2026, 12:31:23 AM [32m    LOG[39m [32m[Nest] 21068  - [39m05/11/2026, 12:31:23 AM [32m    LOG[39m [38;5;3m[RouterExplorer] [39[32m[Nest] 32668  - [39m05/11/2026, 12:31:23 AM [32m    LOG[39m [3[32m[Nest] 21068  - [39m05/11/2026, 12:31:25 AM [32m    LOG[39m [38;5;3m[NestApplication] [3[32m[Nest] 32668  - [39m05/11/2026, 12:31:25 AM [32m    LOG[39m [38Nest API listening on http://localhost:4000/api
12:31:28 AM [tsx] change in ./apps\api\src\modules12:31:28 AM [tsx] change in ./apps\api\src\modulec[32m[Nest] 28760  - [39m05/11/2026, 12:31:32 AM [32m    LOG[39m [38;5;3m[NestFactory] [39m[32mStarting Nest application...[39m
[32m[Nest] 28760  - [39m05/11/2026, 12:31:32 AM [32m    LOG[39m [38;5;3m[InstanceLoader] [39m[32mAppModule dependencies initialized[39m[38;5;3m +51ms[39m
[32m[Nest] 28760  - [39m05/11/2026, 12:31:32 AM [32m    LOG[39m [38;5;3m[InstanceLoader] [39m[32mPrismaModule dependencies initialized[39m[38;5;3m +7ms[39m
[32m[Nest] 28760  - [39m05/11/2026, 12:31:32 AM [32m    LOG[39m [38;5;3m[InstanceLoader] [39m[32mConfigHostModule dependencies initialized[39m[38;5;3m +11ms[39m
[32m[Nest] 28760  - [39m05/11/2026, 12:31:32 AM [32m    LOG[39m [38;5;3m[InstanceLoader] [39m[32mSystemModule dependencies initialized[39m[38;5;3m +1ms[39m
[32m[Nest] 28760  - [39m05/11/2026, 12:31:32 AM [32m    LOG[39m [38;5;3m[InstanceLoader] [39m[32mOperationalDataModule dependencies initialized[39m[38;5;3m +0ms[39m
[32m[Nest] 28760  - [39m05/11/2026, 12:31:32 AM [32m    LOG[39m [38;5;3m[InstanceLoader] [39m[32mFollowupsModule dependencies initialized[39m[38;5;3m +1ms[39m
[32m[Nest] 28760  - [39m05/11/2026, 12:31:32 AM [32m    LOG[39m [38;5;3m[InstanceLoader] [39m[32mConfigModule dependencies initialized[39m[38;5;3m +1ms[39m
[32m[Nest] 28760  - [39m05/11/2026, 12:31:32 AM [32m    LOG[39m [38;5;3m[InstanceLoader] [39m[32mAppointmentsModule dependencies initialized[39m[38;5;3m +1ms[39m
[32m[Nest] 28760  - [39m05/11/2026, 12:31:32 AM [32m    LOG[39m [38;5;3m[InstanceLoader] [39m[32mCustomersModule dependencies initialized[39m[38;5;3m +0ms[39m
[32m[Nest] 28760  - [39m05/11/2026, 12:31:32 AM [32m    LOG[39m [38;5;3m[InstanceLoader] [39m[32mCommunicationsModule dependencies initialized[39m[38;5;3m +0ms[39m
[32m[Nest] 28760  - [39m05/11/2026, 12:31:33 AM [32m    LOG[39m [38;5;3m[RoutesResolver] [39m[32mSystemController {/api/system}:[39m[38;5;3m +694ms[39m
[32m[Nest] 28760  - [39m05/11/2026, 12:31:33 AM [32m    LOG[39m [38;5;3m[RouterExplorer] [39m[32mMapped {/api/system/status, GET} route[39m[38;5;3m +7ms[39m
[32m[Nest] 28760  - [39m05/11/2026, 12:31:33 AM [32m    LOG[39m [38;5;3m[RoutesResolver] [39m[32mOperationalDataController {/api/operational-data}:[39m[38;5;3m +0ms[39m
[32m[Nest] 28760  - [39m05/11/2026, 12:31:33 AM [32m    LOG[39m [38;5;3m[RouterExplorer] [39m[32mMapped {/api/operational-data, GET} route[39m[38;5;3m +1ms[39m
[32m[Nest] 28760  - [39m05/11/2026, 12:31:33 AM [32m    LOG[39m [38;5;3m[RoutesResolver] [39m[32mAppointmentsController {/api/appointments}:[39m[38;5;3m +0ms[39m
[32m[Nest] 28760  - [39m05/11/2026, 12:31:33 AM [32m    LOG[39m [38;5;3m[RouterExplorer] [39m[32mMapped {/api/appointments, POST} route[39m[38;5;3m +2ms[39m
[32m[Nest] 28760  - [39m05/11/2026, 12:31:33 AM [32m    LOG[39m [38;5;3m[RouterExplorer] [39m[32mMapped {/api/appointments/:id, DELETE} route[39m[38;5;3m +3ms[39m
[32m[Nest] 28760  - [39m05/11/2026, 12:31:33 AM [32m    LOG[39m [38;5;3m[RouterExplorer] [39m[32mMapped {/api/appointments/:id/status, PATCH} route[39m[38;5;3m +1ms[39m
[32m[Nest] 28760  - [39m05/11/2026, 12:31:33 AM [32m    LOG[39m [38;5;3m[RoutesResolver] [39m[32mCustomersController {/api/customers}:[39m[38;5;3m +1ms[39m
[32m[Nest] 28760  - [39m05/11/2026, 12:31:33 AM [32m    LOG[39m [38;5;3m[RouterExplorer] [39m[32mMapped {/api/customers, POST} route[39m[38;5;3m +1ms[39m
[32m[Nest] 28760  - [39m05/11/2026, 12:31:33 AM [32m    LOG[39m [38;5;3m[RoutesResolver] [39m[32mCommunicationsController {/api/communications}:[39m[38;5;3m +0ms[39m
[32m[Nest] 28760  - [39m05/11/2026, 12:31:33 AM [32m    LOG[39m [38;5;3m[RouterExplorer] [39m[32mMapped {/api/communications, POST} route[39m[38;5;3m +1ms[39m
[32m[Nest] 28760  - [39m05/11/2026, 12:31:33 AM [32m    LOG[39m [38;5;3m[RoutesResolver] [39m[32mFollowupsController {/api/followups}:[39m[38;5;3m +1ms[39m
[32m[Nest] 28760  - [39m05/11/2026, 12:31:33 AM [32m    LOG[39m [38;5;3m[RouterExplorer] [39m[32mMapped {/api/followups/:id, PATCH} route[39m[38;5;3m +1ms[39m
[32m[Nest] 28760  - [39m05/11/2026, 12:31:34 AM [32m    LOG[39m [38;5;3m[NestApplication] [39m[32mNest application successfully started[39m[38;5;3m +1116ms[39m
12:31:36 AM [tsx] change in ./apps\api\src\modules\followups\followups.service.ts Rerunning...
c[32m[Nest] 10024  - [39m05/11/2026, 12:31:39 AM [32m    LOG[39m [38;5;3m[NestFactory] [39m[[32m[Nest] 31032  - [39m05/11/2026,[32m[Nest] 10024  - [39m05/11/2026, 12:31:39 AM [32m    LOG[39m [38;5;3m[InstanceLoader] [39[32m[Nest] 31032  - [39m05/11/2026, 12:31:39 AM [32m    LOG[39[32m[Nest] 10024  - [39m05/11/2026, 12:31:39 AM [32m    LOG[39m [38;5;3m[InstanceLoader] [39[32m[Nest] 31032  - [39m05/11/2026, 12:31:39 AM [32m    LOG[39m [32m[Nest] 10024  - [39m05/11/2026, 12:31:39 AM [32m    LOG[39m [38;5;3m[InstanceLoader] [39[32m[Nest] 31032  - [39m05/11/2026, 12:31:39 AM [32m    LOG[39m [38;5;3m[InstanceLoader] [39m[32mConfigHostModule dependencies initialized[39m[38;5;3m +8ms[39m
[32m[Nest] 31032  - [39m05/11/2026, 12:31:39 AM [32m    LOG[39m [38;5;3m[InstanceLoader] [39m[32mSystemModule dependencies initialized[39m[38;5;3m +0ms[39m
[32m[Nest] 31032  - [39m05/11/2026, 12:31:39 AM [32m    LOG[39m [38;5;3m[InstanceLoader] [39m[32mOperationalDataModule dependencies initialized[39m[38;5;3m +1ms[39m
[32m[Nest] 31032  - [39m05/11/2026, 12:31:39 AM [32m    LOG[39m [38;5;3m[InstanceLoader] [39m[32mConfigModule dependencies initialized[39m[38;5;3m +0ms[39m
[32m[Nest] 31032  - [39m05/11/2026, 12:31:39 AM [32m    LOG[39m [38;5;3m[InstanceLoader] [39m[32mAppointmentsModule dependencies initialized[39m[38;5;3m +1ms[39m
[32m[Nest] 31032  - [39m05/11/2026, 12:31:39 AM [32m    LOG[39m [38;5;3m[InstanceLoader] [39m[32mCustomersModule dependencies initialized[39m[38;5;3m +0ms[39m
[32m[Nest] 31032  - [39m05/11/2026, 12:31:39 AM [32m    LOG[39m [38;5;3m[InstanceLoader] [39m[32mCommunicationsModule dependencies initialized[39m[38;5;3m +1ms[39m
[32m[Nest] 31032  - [39m05/11/2026, 12:31:39 AM [32m    LOG[39m [3[32m[Nest] 10024  - [39m05/11/2026, 12:31:40 AM [32m    LOG[39m [38;5;3m[RoutesResolver] [39m[32mSystemController {/api/system}:[39m[38;5;3m +586ms[39m
[32m[Nest] 10024  - [39m05/11/2026, 12:31:40 AM [32m    LOG[39m [38;5;3m[RouterExplorer] [39[32m[Nest] 31032  - [39m05/11/2026, 12:31:40 AM [32m    LOG[39m [38;5;3m[RouterExplorer] [39m[32mMapped {/api/system/status, GET} route[39m[38;5;3m +17ms[39m
[32m[Nest] 31032  - [39m05/11/2026, 12:31:40 AM [32m    LOG[39m [38;5;3m[Rou[32m[Nest] 10024  - [39m05/11/2026, 12:31:40 AM [32m    LOG[39m [38;5;3m[RouterExplorer] [39[32m[Nest] 31032  - [39m05/11/2026, 12:31:40 AM [32m    LOG[39m [38;5;3m[RouterExplorer] [39m[32mMapped {/api/operational-data, GET} route[39m[38;5;3m +1ms[39m
[32m[Nest] 31032  - [39m05/11/2026, 12:31:40 AM [32m    LOG[39m [38;5[32m[Nest] 10024  - [39m05/11/2026, 12:31:40 AM [32m    LOG[39m [38;5;3m[RouterExplorer] [39[32m[Nest] 31032  - [39m05/11/2026, 12:31:40 AM [32m    LOG[39m [32m[Nest] 10024  - [39m05/11/2026, 12:31:40 AM [32m    LOG[39m [38;5;3m[RouterExplorer] [39[32m[Nest] 31032  - [39m05/11/2026, 12:31:40 AM [32m    LOG[39m [38;5;[32m[Nest] 10024  - [39m05/11/2026, 12:31:40 AM [32m    LOG[39m [38;5;3m[RouterExplorer] [39[32m[Nest] 31032  - [39m05/11/2026, 12:31:40 AM [32m    LOG[39m [38;5;3m[RouterExplorer] [39m[32mMapped {/api/appointments/:id/status, PATCH} route[39m[38;5;3m +1ms[39m
[32m[Nest] 31032  - [39m05/11/2026, 12:31:40 AM [32m    LOG[39m [32m[Nest] 10024  - [39m05/11/2026, 12:31:40 AM [32m    LOG[39m [38;5;3m[RouterExplorer] [39[32m[Nest] 31032  - [39m05/11/2026, 12:31:40 AM [32m    LOG[39m [38;5;3m[RouterExplorer] [39m[32mMapped {/api/customers, POST} route[39m[38;5;3m +1ms[39m
[32m[Nest] 31032  - [39m05/11/2026, 12:31:40 AM [32m    LOG[39m [38;5;3m[[32m[Nest] 10024  - [39m05/11/2026, 12:31:40 AM [32m    LOG[39m [38;5;3m[RouterExplorer] [39[32m[Nest] 31032  - [39m05/11/2026, 12:31:40 AM [32m    LOG[39m [38;5;3m[RouterExplorer] [39m[32mMapped {/api/communications, POST} route[39m[38;5;3m +1ms[39m
[32m[Nest] 31032  - [39m05/11/2026, 12:31:40 AM [32m    LOG[39m [32m[Nest] 10024  - [39m05/11/2026, 12:31:40 AM [32m    LOG[39m [38;5;3m[RouterExplorer] [39[32m[Nest] 31032  - [39m05/11/2026, 12:31:40 AM [32m    LOG[39m [3[32m[Nest] 10024  - [39m05/11/2026, 12:31:41 AM [32m    LOG[39m [38;5;3m[NestApplication] [39m[32mNest application successfully started[39m[38;5;3m +1138ms[39m
12:31:46 AM [tsx] change in ./apps\api\src\modules\operational-data\operational-data.controller.ts Rerunning...
c[32m[Nest] 11412  - [39m05/11/2026, 12:31:50 AM [32m    LOG[39m [38;5;3m[NestFactory] [39m[32mStarting Nest application...[39m
[32m[Nest] [32m[Nest] 27628  - [39m05/11/2026, 12:31:50 AM [32m    LOG[39m [38;5;3m[NestFactory] [39m[32mStarting Nest application...[39m
[32m[Nest] 27628  - [39m05/11/2026, 12:31:50 AM [32m    LOG[39m [38;5;3m[InstanceLoader] [39m[32mAppModule dependencies initialized[39m[38;5;3m +51ms[39m
[32m[Nest] 27628  - [39m05/11/2026, 12:31:50 AM [32m    LOG[39m [38;5;3m[InstanceLoader] [39m[32mPrismaModule dependencies initialized[39m[38;5;3m +9ms[39m
[32m[Nest] 27628  - [39m05/11/2026, 12:31:50 AM [32m    LOG[39m [38;5;3m[InstanceLoader] [39m[32mConfigHostModule dependencies initialized[39m[38;5;3m +11ms[39m
[32m[Nest] 27628  - [39m05/11/2026, 12:31:50 AM [32m    LOG[39m [38;5;3m[InstanceLoader] [39m[32mSystemModule dependencies initialized[39m[38;5;3m +1ms[39m
[32m[Nest] 27628  - [39m05/11/2026, 12:31:50 AM [32m    LOG[39m [38;5;3m[InstanceLoader] [39m[32mOperationalDataModule dependencies initialized[39m[38;5;3m +3ms[39m
[32m[Nest] 27628  - [39m05/11/2026, 12:31:50 AM [32m    LOG[39m [38;5;3m[InstanceLoader] [39m[32mConfigModule dependencies initialized[39m[38;5;3m +1ms[39m
[32m[Nest] 27628  - [39m05/11/2026, 12:31:50 AM [32m    LOG[39m [38;5;3m[InstanceLoader] [39m[32mAppointmentsModule dependencies initialized[39m[38;5;3m +1ms[39m
[32m[Nest] 27628  - [39m05/11/2026, 12:31:50 AM [32m    LOG[39m [38;5;3m[InstanceLoader] [39m[32mCustomersModule dependencies initialized[39m[38;5;3m +0ms[39m
[32m[Nest] 27628  - [39m05/11/2026, 12:31:50 AM [32m    LOG[39m [38;5;3m[InstanceLoader] [39m[32mCommunicationsModule dependencies initialized[39m[38;5;3m +1ms[39m
[32m[Nest] 27628  - [32m[Nest] 11412  - [39m05/11/2026, 12:31:51 AM [32m    LOG[39m [38;5;3m[RoutesResolver] [39m[32mSystemController {/api/system}:[39m[38;5;[32m[Nest] 27628  - [39m05/11/2026, 12:31:51 AM [32m    LOG[39m [38;5;3m[RoutesResolver] [39m[32mSystemController {/api/system}:[39m[38;5;3m +781ms[39m
[32m[Nest] 27628  - [39m05/11/2026, 12:31:51 AM [32m    LOG[39m [38;5;3m[RouterExplorer] [39m[32mMapped {/api/system/status, GET} route[39m[38;5;3m +7ms[39m
[32m[Nest] 27628  - [39m05/11/2026, 12:31:51 AM [32m    LOG[39m [38;5;3m[RoutesResolver] [39m[32mOperationalDataController {/api/operational-data}:[39m[38;5;3m +1ms[39m
[32m[Nest] 27628  - [39m05/11/2026, 12:31:51 AM [32m    LOG[39m [38;5;3m[RouterExplorer] [39m[32mMapped {/api/operational-data, GET} route[39m[38;5;3m +3ms[39m
[32m[Nest] 27628  - [39m05/11/2026, 12:31:51 AM [32m    LOG[39m [38;5;3m[RoutesResolver] [39m[32mAppointmentsController {/api/appointments}:[39m[38;5;3m +2ms[39m
[32m[Nest] 27628  - [39m05/11/2026, 12:31:51 AM [32m    LOG[39m [38;5;3m[RouterExplorer] [39m[32mMapped {/api/appointments, POST} route[39m[38;5;3m +2ms[39m
[32m[Nest] 27628  - [39m05/11/2026, 12:31:51 AM [32m    LOG[39m [38;5;3m[RouterExplorer] [39m[32mMapped {/api/appointments/:id, DELETE} route[39m[38;5;3m +1ms[39m
[32m[Nest] 27628  - [39m05/11/2026, 12:31:51 AM [32m    LOG[39m [38;5;3m[RouterExplorer] [39m[32mMapped {/api/appointments/:id/status, PATCH} route[39m[38;5;3m +2ms[39m
[32m[Nest] 27628  - [39m05/11/2026, 12:31:51 AM [32m    LOG[39m [38;5;3m[RoutesResolver] [39m[32mCustomersController {/api/customers}:[39m[38;5;3m +0ms[39m
[32m[Nest] 27628  - [39m05/11/2026, 12:31:51 AM [32m    LOG[39m [38;5;3m[RouterExplorer] [39m[32mMapped {/api/customers, POST} route[39m[38;5;3m +1ms[39m
[32m[Nest] 27628  - [39m05/11/2026, 12:31:51 AM [32m    LOG[39m [38;5;3m[RoutesResolver] [39m[32mCommunicationsController {/api/communications}:[39m[38;5;3m +0ms[39m
[32m[Nest] 27628  - [39m05/11/2026, 12:31:51 AM [32m    LOG[39m [38;5;3m[RouterExplorer] [39m[32mMapped {/api/communications, POST} route[39m[38;5;3m +2ms[39m
[32m[Nest] 27628  - [39m05/11/2026, 12:31:51 AM [32m    LOG[39m [38;5;3m[RoutesResolver] [39m[32mFollowupsController {/api/followups}:[39m[38;5;3m +1ms[39m
[32m[Nest] 27628  - [32m[Nest] 11412  - [39m05/11/2026, 12:31:52 AM [32m    LOG[39m [38;5;3m[NestApplication] [39m[32mNest application successfully started[39m[38;5;3m +1146ms[39m
12:31:54 AM [tsx] change in ./apps\api\src\modules\operational-data\operational-data.service.ts Rerunning...
c[32m[Nest] 23144  - [39m05/11/2026, 12:31:57 AM [32m    LOG[39m [38;5;3m[NestFactory] [39m[32mStarting Nest application...[39m
[32m[Nest] 23144  - [39m05/11/2026, 12:31:57 AM [32m    LOG[39m [38;5;3m[InstanceLoader] [39m[32mAppModule dependencies initialized[39m[38;5;3m +45ms[39m
[32m[Nest] 23144  - [39m05/11/[32m[Nest] 31136  - [39m05/11/2026, 12:31:57 AM [32m    LOG[39m [38;5;3m[InstanceLoader] [39m[32mAppModule dependencies initialized[39m[38;5;3m +33ms[39m
[32m[Nest] 31136  - [39m05/11/2026, 12:31:57 AM [32m    LOG[39m [38;5;3m[InstanceLoader] [39m[32mPrismaModule dependencies initialized[39m[38;5;3m +5ms[39m
[32m[Nest] 31136  - [39m05/11/2026, 12:31:57 AM [32m    LOG[39m [38;5;3m[InstanceLoader] [39m[32mConfigHostModule dependencies initialized[39m[38;5;3m +11ms[39m
[32m[Nest] 31136  - [39m05/11/2026, 12:31:57 AM [32m    LOG[39m [38;5;3m[InstanceLoader] [39m[32mSystemModule dependencies initialized[39m[38;5;3m +0ms[39m
[32m[Nest] 31136  - [39m05/11/2026, 12:31:57 AM [32m    LOG[39m [38;5;3m[InstanceLoader] [39m[32mConfigModule dependencies initialized[39m[38;5;3m +1ms[39m
[32m[Nest] 31136  - [39m05/11/2026, 12:31:57 AM [32m    LOG[39m [38;5;3m[InstanceLoader] [39m[32mOperationalDataModule dependencies initialized[39m[38;5;3m +1ms[39m
[32m[Nest] 31136  - [39m05/11/2026, 12:31:57 AM [32m    LOG[39m [38;5;3m[InstanceLoader] [39m[32mAppointmentsModule dependencies initialized[39m[38;5;3m +0ms[39m
[32m[Nest] 31136  - [39m05/11/2026, 12:31:57 AM [32m    LOG[39m [38;5;3m[InstanceLoader] [39m[32mCustomersModule dependencies initialized[39m[38;5;3m +1ms[39m
[32m[Nest] 31136  - [39m05/11/2026, 12:31:57 AM [32m    LOG[39m [38;5;3m[InstanceLoader] [39m[32mCommunicationsModule dependencies initiali[32m[Nest] 23144  - [39m05/11/2026, 12:31:58 AM [32m    LOG[39m [38;5;3m[RoutesResolver] [39m[32mSystemController {/api/system}:[39m[38;5;3m +634ms[39m
[32m[Nest] 23144  - [39m05/11/2026, 12:31:58 AM [32m    LOG[39m [38;5;3m[RouterExplorer] [39m[32mMapped {/api/system/status, GET} route[39m[38;5;3m +19ms[39m
[32m[Nest] 23144  - [39m05/11/2026, 12:31:58 AM [32m    LOG[39m [38;5;3m[RoutesResolver] [39m[32mOperationalDataController {/api/operational-data}:[39m[38;5;3m +1ms[39m
[32m[Nest] 23144  - [39m05/11/2026, 12:31:58 AM [32m    LOG[39m [38;5;3m[RouterExplorer] [39m[32mMapped {/api/operational-data, GET} route[39m[38;5;3m +1ms[39m
[32m[Nest] 23144  - [39m05/11/2026, 12:31:58 AM [32m    LOG[39m [38;5;3m[RoutesResolver] [39m[32mAppointmentsController {/api/appointments}:[39m[38;5;3m +1ms[39m
[32m[Nest] 23144  - [39m05/11/2026, 12:31:58 AM [32m    LOG[39m [38;5;3m[RouterExplorer] [39m[32mMapped {/api/appointments, POST} route[39m[38;5;3m +2ms[39m
[32m[Nest] 23144  - [39m05/11/2026, 12:31:58 AM [32m    LOG[39m [38;5;3m[RouterExplorer] [39m[32mMapped {/api/appointments/:id, DELETE} route[39m[38;5;3m +2ms[39m
[32m[Nest] 23144  - [39m05/11/2026, 12:31:58 AM [32m    LOG[39m [38;5;3m[RouterExplorer] [39m[32mMapped {/api/appointments/:id/status, PATCH} route[39m[38;5;3m +1ms[39m
[32m[Nest] 23144  - [39m05/11/2026, 12:31:58 AM [32m    LOG[39m [38;5;3m[RoutesResolver] [39m[32mCustomersController {/api/customers}:[39m[38;5;3m +0ms[39m
[32m[Nest] 23144  - [39m05/11/2026, 12:31:58 AM [32m    LOG[39m [38;5;3m[RouterExplorer] [39m[32mMapped {/api/customers, POST} route[39m[38;5;3m +1ms[39m
[32m[Nest] 23144  - [39m05/11/2026, 12:31:58 AM [32m    LOG[39m [38;5;3m[RoutesResolver] [39m[32mCommunicationsController {/api/communications}:[39m[38;5;3m +1ms[39m
[32m[Nest] 23144  - [39m05/11/2026, 12:31:58 AM [32m    LOG[39m [38;5;3m[RouterExplorer] [39m[32mMapped {/api/communications, POST} route[39m[38;5;3m +1ms[39m
[32m[Nest] 23144  - [39m05/11/2026, 12:31:58 AM [32m    LOG[39m [38;5;3m[RoutesResolver] [39m[32mFollowupsController {/api/followups}:[39m[38;5;3m +0ms[39m
[32m[Nest] 23144  - [39m05/11/2026, 12:31:58 AM [32m    LOG[39m [38;5;3m[RouterExplorer] [39m[32mMapped {/api/followups/:id, PATCH} route[39m[38;5;3m +1ms[39m
[32m[Nest] 23144  - [39m05/11/2026, 12:31:59 AM [32m    LOG[39m [38;5;3m[NestApplication] [39m[32mNest application successfully started[39m[38;5;3m +1144ms[39m
Nest API listening on http://localhost:4000/api
12:32:03 AM [tsx] change in ./apps\api\src\modules\system\system.controller.ts Restarting...
c[32m[Nest] 20540  - [39m05/11/2026, 12:32:05 AM [32m    LOG[39m [38;5;3m[NestFactory] [39m[32mStarting Nest application...[39m
[32m[Nest] 20540  - [39m05/11/2026, 12:32:05 AM [32m    LOG[39m [38;5;3m[InstanceLoader] [39m[32mAppModule dependencies initialized[39m[38;[32m[Nest] 3186[32m[Nest] 20540  - [39m05/11/2026, 12:32:05 AM [32m    LOG[39m [38;5;3m[InstanceLoader] [39m[32mPrismaModule dependencies initialized[39m[[32m[Nest] 31868 [32m[Nest] 20540  - [39m05/11/2026, 12:32:05 AM [32m    LOG[39m [38;5;3m[InstanceLoader] [39m[32mConfigHostModule dependencies initialized[3[32m[Nest] 31868  - [39m05/11/2026, 12:32:05 AM [32m    LOG[39m [38;5;3m[InstanceLoader] [39m[32mConfigHostModule dependencies initialized[39m[38;5;3m +7ms[39m
[32m[Nest] 31868  - [39m05/11/2026, 12:32:05 AM [32m    LOG[39m [38;5;3m[InstanceLoader] [39m[32mConfigModule dependencies initialized[39m[38;5;3m +1ms[39m
[32m[Nest] 31868  - [39m05/11/2026, 12:32:05 AM [32m    LOG[39m [38;5;3m[InstanceLoader] [39m[32mSystemModule dependencies initialized[39m[38;5;3m +0ms[39m
[32m[Nest] 31868  - [39m05/11/2026, 12:32:05 AM [32m    LOG[39m [38;5;3m[InstanceLoader] [39m[32mOperationalDataModule dependencies initialized[39m[38;5;3m +0ms[39m
[32m[Nest] 31868  - [39m05/11/2026, 12:32:05 AM [32m    LOG[39m [38;5;3m[InstanceLoader] [39m[32mAppointmentsModule dependencies initialized[39m[38;5;3m +1ms[39m
[32m[Nest] 31868  - [39m05/11/2026, 12:32:05 AM [32m    LOG[39m [38;5;3m[InstanceLoader] [39m[32mCustomersModule dependencies initialized[39m[38;5;3m +0ms[39m
[32m[Nest] 31868  - [39m05/11/2026, 12:32:05 AM [32m    LOG[39m [38;5;3m[InstanceLoader] [39m[32mCommunicationsModule dependencies initialized[39m[38;5;3m +1ms[39m
[32m[Nest] 31868  - [32m[Nest] 20540  - [39m05/11/2026, 12:32:06 AM [32m    LOG[39m [38;5;3m[RoutesResolver] [39m[32mSystemController {/api/system}:[39m[38;5;3m +594ms[39m
[32m[Nest] 20540  - [39m05/11/2026, 12:32:06 AM [32m    LOG[39m [38;5;3m[RouterExplorer] [39m[32mMapped {/api/system/status, GET} route[39m[38;5;3m +7ms[39m
[32m[Nest] 20540  - [39m05/11/2026, 12:32:06 AM [32m    LOG[39m [38;5;3m[RoutesResolver] [39m[32mOperationalDataController {/api/operational-data}:[39m[38;5;3m +0ms[39m
[32m[Nest] 20540  - [39m05/11/2026, 12:32:06 AM [32m    LOG[39m [38;5;3m[RouterExplorer] [39m[32mMapped {/api/operational-data, GET} route[39m[38;5;3m +1ms[39m
[32m[Nest] 20540  - [39m05/11/2026, 12:32:06 AM [32m    LOG[39m [38;5;3m[RoutesResolver] [39m[32mAppointmentsController {/api/appointments}:[39m[38;5;3m +1ms[39m
[32m[Nest] 20540  - [39m05/11/2026, 12:32:06 AM [32m    LOG[39m [38;5;3m[RouterExplorer] [39m[32mMapped {/api/appointments, POST} route[39m[38;5;3m +1ms[39m
[32m[Nest] 20540  - [39m05/11/2026, 12:32:06 AM [32m    LOG[39m [38;5;3m[RouterExplorer] [39m[32mMapped {/api/appointments/:id, DELETE} route[39m[38;5;3m +2ms[39m
[32m[Nest] 20540  - [39m05/11/2026, 12:32:06 AM [32m    LOG[39m [38;5;3m[RouterExplorer] [39m[32mMapped {/api/appointments/:id/status, PATCH} route[39m[38;5;3m +1ms[39m
[32m[Nest] 20540  - [39m05/11/2026, 12:32:06 AM [32m    LOG[39m [38;5;3m[RoutesResolver] [39m[32mCustomersController {/api/customers}:[39m[38;5;3m +1ms[39m
[32m[Nest] 20540  - [39m05/11/2026, 12:32:06 AM [32m    LOG[39m [38;5;3m[RouterExplorer] [39m[32mMapped {/api/customers, POST} route[39m[38;5;3m +1ms[39m
[32m[Nest] 20540  - [39m05/11/2026, 12:32:06 AM [32m    LOG[39m [38;5;3m[RoutesResolver] [39m[32mCommunicationsController {/api/communications}:[39m[38;5;3m +0ms[39m
[32m[Nest] 20540  - [39m05/11/2026, 12:32:06 AM [32m    LOG[39m [38;5;3m[RouterExplorer] [39m[32mMapped {/api/communications, POST} route[39m[38;5;3m +1ms[39m
[32m[Nest] 20540  - [39m05/11/2026, 12:32:06 AM [32m    LOG[39m [38;5;3m[RoutesResolver] [39m[32mFollowupsController {/api/followups}:[39m[38;5;3m +1ms[39m
[32m[Nest] 20540  - [39m05/11/2026, 12:32:06 AM [32m    LOG[39m [38;5;3m[RouterExplorer] [39m[32mMapped {/api/followups/:id, PATCH} route[39m[38;5;3m +1ms[39m
[32m[Nest] 20540  - [39m05/11/2026, 12:32:07 AM [32m    LOG[39m [38;5;3m[NestApplication] [39m[32mNest application successfully started[39m[38;5;3m +1126ms[39m
12:56:38 AM [tsx] change in ./apps\api\src\modules\operational-data\operational-data.service.ts Rerunning...
c[32m[Nest] 31780  - [39m05/11/2026, 12:56:40 AM [32m    LOG[39m [38;5;3m[NestFactory] [39m[32mStarting Nest application...[39m
[32m[Nest] 31780  - [39m05/11/2026, 12:56:40 AM [32m    LOG[39m [38;5;3m[InstanceLoader] [39m[32mAppModule dependencies initialized[39m[38;5;3m +49ms[39m
[32m[Nest] 31780  - [39m05/11/2026, 12:56:40 AM [32m    LOG[39m [38;5;3m[InstanceLoader] [39m[32mPrismaModule dependencies initialized[39m[38;5;3m +6ms[39m
[32m[Nest] 31780  - [39m05/11/2026, 12:56:40 AM [32m    LOG[39m [38;5;3m[InstanceLoader] [39m[32mConfigHostModule dependencies initialized[39m[38;5;3m +6ms[39m
[32m[Nest] 31780  - [39m05/11/2026, 12:56:40 AM [32m    LOG[39m [38;5;3m[InstanceLoader] [39m[32mConfigModule dependencies initialized[39m[38;5;3m +2ms[39m
[32m[Nest] 31780  - [39m05/11/2026, 12:56:40 AM [32m    LOG[39m [38;5;3m[InstanceLoader] [39m[32mSystemModule dependencies initialized[39m[38;5;3m +0ms[39m
[32m[Nest] 31780  - [39m05/11/2026, 12:56:40 AM [32m    LOG[39m [38;5;3m[InstanceLoader] [39m[32mOperationalDataModule dependencies initialized[39m[38;5;3m +1ms[39m
[32m[Nest] 31780  - [39m05/11/2026, 12:56:40 AM [32m    LOG[39m [38;5;3m[InstanceLoader] [39m[32mAppointmentsModule dependencies initialized[39m[38;5;3m +0ms[39m
[32m[Nest] 31780  - [39m05/11/2026, 12:56:40 AM [32m    LOG[39m [38;5;3m[InstanceLoader] [39m[32mCustomersModule dependencies initialized[39m[38;5;3m +1ms[39m
[32m[Nest] 31780  - [39m05/11/2026, 12:56:40 AM [32m    LOG[39m [38;5;3m[InstanceLoader] [39m[32mCommunicationsModule dependencies initialized[39m[38;5;3m +0ms[39m
[32m[Nest] 31780  - [39m05/11/2026, 12:56:40 AM [32m    LOG[39m [38;5;3m[InstanceLoader] [39m[32mFollowupsModule dependencies initialized[39m[38;5;3m +0ms[39m
[32m[Nest] 31780  - [39m05/11/2026, 12:56:41 AM [32m    LOG[39m [38;5;3m[RoutesResolver] [39m[32mSystemController {/api/system}:[39m[38;5;3m +501ms[39m
[32m[Nest] 31780  - [39m05/11/2026, 12:56:41 AM [32m    LOG[39m [38;5;3m[RouterExplorer] [39m[32mMapped {/api/system/status, GET} route[39m[38;5;3m +7ms[39m
[32m[Nest] 31780  - [39m05/1[32m[Nest] 12492  - [39m05/11/2026, 12:56:41 AM [32m    LOG[39m [38;5;3m[RouterExplorer] [39m[32mMapped {/api/system/status, GET} route[39m[[32m[Nest] 31780  - [39m05/11/2026, 12:56:41 AM [32m    LOG[39m [38;5;3m[RouterExplorer] [39m[32mMapped {/api/operational-data, GET} route[39m[38;5;3m +2ms[39m
[32m[Nest] 31780  - [39m0[32m[Nest] 12492  - [39m05/11/2026, 12:56:41 AM [32m    LOG[39m [38;5;3m[RouterExplorer] [39m[32mMapped {/api/operational-data, GET} route[32m[Nest] 31780  - [39m05/11/2026, 12:56:41 AM [32m    LOG[39m [38;5;3m[RouterExplorer] [39m[32mMapped {/api/appointments, POST} route[39m[38;5;3m +4ms[39m
[32m[Nest] 31780  - [39m05/11/2026, 12:56:41 AM [32m    LOG[39m [38;5;3m[RouterExplorer] [39m[32mMapped {/api/appointments/:id, DELETE} route[39m[38;5;3m +2ms[39m
[32m[Nest] 31780  - [39m05/11/2026, 12:56:41 AM [32m    LOG[39m [38;5;3m[RouterExplorer] [39m[32mMapped {/api/appointments/:id/status, PATCH} route[39m[38;5;3m +1ms[39m
[32m[Nest] 31780 [32m[Nest] 12492  - [39m05/11/2026, 12:56:41 AM [32m    LOG[39m [38;5;3m[RouterExplorer] [39m[32mMapped {/api/appointments/:id/status, PATCH}[32m[Nest] 31780  - [39m05/11/2026, 12:56:41 AM [32m    LOG[39m [38;5;3m[RouterExplorer] [39m[32mMapped {/api/customers, POST} route[39m[38;5;3m +1ms[39m
[32m[Nest] 31780  - [39m05/11/2[32m[Nest] 12492  - [39m05/11/2026, 12:56:41 AM [32m    LOG[39m [38;5;3m[RouterExplorer] [39m[32mMapped {/api/customers, POST} route[39[32m[Nest] 31780  - [39m05/11/2026, 12:56:41 AM [32m    LOG[39m [38;5;3m[RouterExplorer] [39m[32mMapped {/api/communications, POST} route[39m[38;5;3m +1ms[39m
[32m[Nest] 31780  - [39m05[32m[Nest] 12492  - [39m05/11/2026, 12:56:41 AM [32m    LOG[39m [38;5;3m[RouterExplorer] [39m[32mMapped {/api/communications, POST}[32m[Nest] 31780  - [39m05/11/2026, 12:56:41 AM [32m    LOG[39m [38;5;3m[RouterExplorer] [39m[32mMapped {/api/followups/:id, PATCH} route[39m[38;5;3m +1ms[39m
[32m[Nest] 31780  - [39m05/11/2026, 12:56:42 AM [32m    LOG[39m [38;5;3m[NestApplication] [39m[32mNest application successfully started[39m[38;5;3m +1101ms[39m
12:59:39 AM [tsx] change in ./apps\api\src\app.module.ts Rerunning...
c[32m[Nest] 33640  - [39m05/11/2026, 12:59:42 AM [32m    LOG[39m [38;5;3m[NestFactory] [39m[32mStarting Nest application...[39m
[32m[Nest] 33640  - [39m05/11/2026, 12:59:42 AM [32m    LOG[39m [38;5;3m[InstanceLoader] [39m[32mAppModule dependencies initialized[39m[38;5;3m +44ms[39m
[32m[Nest] 33640  - [39m05/11/2[32m[Nest] 28044  - [39m05/11/2026, 12:59:42 AM [32m    LOG[39m [38;5;3m[InstanceLoader] [39m[32mAppModule dependencies initia[32m[Nest] 33640  - [39m05/11/2026, 12:59:42 AM [32m    LOG[39m [38;5;3m[InstanceLoader] [39m[32mConfigHostModule dependencies initialized[39m[38;5;3m +8ms[39m
[32m[Nest] 33640  - [39m0[32m[Nest] 28044  - [39m05/11/2026, 12:59:42 AM [32m    LOG[39m [38;5;3m[InstanceLoader] [39m[32mConfigHostModule dependencies initialized[39m[38;5;3m +8ms[39m
[32m[Nest] 28044  - [39m05/11/2026, 12:59:42 AM [32m    LOG[39m [38;5;3m[InstanceLoader] [39m[32mConfigModule dependencies initialized[39m[38;5;3m +1ms[39m
[32m[Nest] 28044  - [39m05/11/2026, 12:59:42 AM [32m    LOG[39m [38;5;3m[InstanceLoader] [39m[32mSystemModule dependencies initialized[39m[38;5;3m +0ms[39m
[32m[Nest] 28044  - [39m05/11/2026, 12:59:42 AM [32m    LOG[39m [38;5;3m[InstanceLoader] [39m[32mAuthModule dependencies initialized[39m[38;5;3m +1ms[39m
[32m[Nest] 28044  - [39m05/11/2026, 12:59:42 AM [32m    LOG[39m [38;5;3m[InstanceLoader] [39m[32mOperationalDataModule dependencies initialized[39m[38;5;3m +0ms[39m
[32m[Nest] 28044  - [39m05/11/2026, 12:59:42 AM [32m    LOG[39m [38;5;3m[InstanceLoader] [39m[32mAppointmentsModule dependencies initialized[39m[38;5;3m +0ms[39m
[32m[Nest] 28044  - [39m05/11/2026, 12:59:42 AM [32m    LOG[39m [38;5;3m[InstanceLoader] [39m[32mCustomersModule dependencies initialized[39m[38;5;3m +1ms[39m
[32m[Nest] 28044  - [39m05/11/2026, 12:59:42 AM [32m    LOG[39m [38;5;3m[InstanceLoader] [39m[32mCommunicationsModule dependencies initialized[39m[38;5;3m +0ms[39m
[32m[Nest] 28044  - [39m05/11/2026, 12:59:42 AM [32m    LOG[39m [38;5;3m[InstanceLoader] [39m[32mFollowupsModule dependencies initialized[39m[38;5;3m +0ms[39m
[32m[Nest] 28044  - [39m05/11/2026, 12:59:42 AM [32m    LOG[39m [38;5;3m[InstanceLoader] [39m[32mOrganizationsModule dependencies initiali[32m[Nest] 33640  - [39m05/11/2026, 12:59:42 AM [32m    LOG[39m [38;5;3m[RoutesResolver] [39m[32mAuthController {/api/auth}:[39m[38;5;3m +526ms[39m
[32m[Nest] 33640  - [39m05/11/2026, 12:59:42 AM [32m    LOG[39m [38;5;3m[RouterExplorer] [39m[32mMapped {/api/auth/login, POST} route[39m[38;5;3m +21ms[39m
[32m[Nest] 33640  - [39m05/11/2026, 12:59:42 AM [32m    LOG[39m [38;5;3m[RouterExplorer] [39m[32mMapped {/api/auth/me, GET} route[39m[38;5;3m +1ms[39m
[32m[Nest] 33640  - [39m05/11/2026, 12:59:42 AM [32m    LOG[39m [38;5;3m[RoutesResolver] [39m[32mSystemController {/api/system}:[39m[38;5;3m +0ms[39m
[32m[Nest] 33640  - [39m05/11/2026, 12:59:42 AM [32m    LOG[39m [38;5;3m[RouterExplorer] [39m[32mMapped {/api/system/status, GET} route[39m[38;5;3m +1ms[39m
[32m[Nest] 33640  - [39m05/11/2026, 12:59:42 AM [32m    LOG[39m [38;5;3m[RoutesResolver] [39m[32mOperationalDataController {/api/operational-data}:[39m[38;5;3m +1ms[39m
[32m[Nest] 33640  - [39m05/11/2026, 12:59:42 AM [32m    LOG[39m [38;5;3m[RouterExplorer] [39m[32mMapped {/api/operational-data, GET} route[39m[38;5;3m +1ms[39m
[32m[Nest] 33640  - [39m05/11/2026, 12:59:42 AM [32m    LOG[39m [38;5;3m[RoutesResolver] [39m[32mAppointmentsController {/api/appointments}:[39m[38;5;3m +0ms[39m
[32m[Nest] 33640  - [39m05/11/2026, 12:59:42 AM [32m    LOG[39m [38;5;3m[RouterExplorer] [39m[32mMapped {/api/appointments, POST} route[39m[38;5;3m +1ms[39m
[32m[Nest] 33640  - [39m05/11/2026, 12:59:42 AM [32m    LOG[39m [38;5;3m[RouterExplorer] [39m[32mMapped {/api/appointments/:id, DELETE} route[39m[38;5;3m +1ms[39m
[32m[Nest] 33640  - [39m05/11/2026, 12:59:42 AM [32m    LOG[39m [38;5;3m[RouterExplorer] [39m[32mMapped {/api/appointments/:id/status, PATCH} route[39m[38;5;3m +1ms[39m
[32m[Nest] 33640  - [39m05/11/2026, 12:59:42 AM [32m    LOG[39m [38;5;3m[RoutesResolver] [39m[32mCustomersController {/api/customers}:[39m[38;5;3m +1ms[39m
[32m[Nest] 33640  - [39m05/11/2026, 12:59:42 AM [32m    LOG[39m [38;5;3m[RouterExplorer] [39m[32mMapped {/api/customers, POST} route[39m[38;5;3m +1ms[39m
[32m[Nest] 33640  - [39m05/11/2026, 12:59:42 AM [32m    LOG[39m [38;5;3m[RoutesResolver] [39m[32mCommunicationsController {/api/communications}:[39m[38;5;3m +0ms[39m
[32m[Nest] 33640  - [39m05/11/2026, 12:59:42 AM [32m    LOG[39m [38;5;3m[RouterExplorer] [39m[32mMapped {/api/communications, POST} route[39m[38;5;3m +1ms[39m
[32m[Nest] 33640  - [39m05/11/2026, 12:59:42 AM [32m    LOG[39m [38;5;3m[RoutesResolver] [39m[32mFollowupsController {/api/followups}:[39m[38;5;3m +1ms[39m
[32m[Nest] 33640  - [39m05/11/2026, 12:59:42 AM [32m    LOG[39m [38;5;3m[RouterExplorer] [39m[32mMapped {/api/followups/:id, PATCH} route[39m[38;5;3m +1ms[39m
[32m[Nest] 33640  - [39m05[32m[Nest] 28044  - [39m05/11/2026, 12:59:42 AM [32m    LOG[39m [38;5;3m[RouterExplorer] [39m[32mMapped {/api/followups/:id, PATCH} route[[32m[Nest] 33640  - [39m05/11/2026, 12:59:42 AM [32m    LOG[39m [38;5;3m[RouterExplorer] [39m[32mMapped {/api/organizations/:id, PATCH} route[39m[38;5;3m +1ms[39m
[32m[Nest] 33640  - [3[32m[Nest] 28044  - [39m05/11/2026, 12:59:42 AM [32m    LOG[39m [38;5;3m[RouterExplorer] [39m[32mMapped {/api/organizations/:id, PATCH}[32m[Nest] 33640  - [39m05/11/2026, 12:59:42 AM [32m    LOG[39m [38;5;3m[RouterExplorer] [39m[32mMapped {/api/providers/:id, PATCH} route[39m[38;5;3m +1ms[39m
[32m[Nest] 33640  - [39m05/11/2026, 12:59:42 AM [32m    LOG[39m [38;5;3m[RouterExplorer] [39m[32mMapped {/api/providers/:id/availability, PATCH} route[39m[38;5;3m +1ms[39m
[32m[Nest] 33640  - [39m05/11/2026, 12:59:43 AM [32m    LOG[39m [38;5;3m[NestApplication] [39m[32mNest application successfully started[39m[38;5;3m +1100ms[39m
1:05:19 AM [tsx] change in ./apps\api\src\modules\providers\providers.service.ts Rerunning...
c[32m[Nest] 33056  - [39m05/11/2026, 1:05:21 AM [32m    LOG[39m [38;5;3m[NestFactory] [39m[32mStarting Nest application...[39m
[32m[Nest] 33056  - [39m05/11/2026, 1:05:21 AM [32m    LOG[39m [38;5;3m[InstanceLoader] [39m[32mAppModule dependencies initialized[39m[38;5;3m +37ms[39m
[32m[Nest] 33056  - [39m05/11/2026, 1:05:21 AM [32m    LOG[39m [38;5;3m[InstanceLoader] [39m[32mPrismaModule dependencies initialized[39m[38;5;3m +7ms[39m
[32m[Nest] 33056  - [39m05/11/2026, 1:05:21 AM [32m    LOG[39m [38;5;3m[InstanceLoader] [39m[32mConfigHostModule dependencies initialized[39m[38;5;3m +10ms[39m
[32m[Nest] 33056  - [39m05/11/2026, 1:05:21 AM [32m    LOG[39m [38;5;3m[InstanceLoader] [39m[32mConfigModule dependencies initialized[39m[38;5;3m +1ms[39m
[32m[Nest] 33056  - [39m05/11/2026, 1:05:21 AM [32m    LOG[39m [38;5;3m[InstanceLoader] [39m[32mSystemModule dependencies initialized[39m[38;5;3m +0ms[39m
[32m[Nest] 33056  - [39m05/11/2026, 1:05:21 AM [32m    LOG[39m [38;5;3m[InstanceLoader] [39m[32mAuthModule dependencies initialized[39m[38;5;3m +1ms[39m
[32m[Nest] 33056  - [39m05/11/2026, 1:05:21 AM [32m    LOG[39m [38;5;3m[InstanceLoader] [39m[32mOperationalDataModule dependencies initialized[39m[38;5;3m +0ms[39m
[32m[Nest] 33056  - [39m05/11/2026, 1:05:21 AM [32m    LOG[39m [38;5;3m[InstanceLoader] [39m[32mAppointmentsModule dependencies initialized[39m[38;5;3m +0ms[39m
[32m[Nest] 33056  - [39m05/11/2026, 1:05:21 AM [32m    LOG[39m [38;5;3m[InstanceLoader] [39m[32mCustomersModule dependencies initialized[39m[38;5;3m +1ms[39m
[32m[Nest] 33056  - [39m05/11/2026, 1:05:21 AM [32m    LOG[39m [38;5;3m[InstanceLoader] [39m[32mCommunicationsModule dependencies initialized[39m[38;5;3m +0ms[39m
[32m[Nest] 33056  - [39m05/11/2026, 1:05:21 AM [32m    LOG[39m [38;5;3m[InstanceLoader] [39m[32mFollowupsModule dependencies initialized[39m[38;5;3m +0ms[39m
[32m[Nest] 33056  - [39m05/11/2026, 1:05:21 AM [32m    LOG[39m [38;5;3m[InstanceLoader] [39m[32mOrganizationsModule dependencies initialized[39m[38;5;3m +0ms[39m
[32m[Nest] 33056  - [39m05/11/2026, 1:05:21 AM [32m    LOG[39m [38;5;3m[InstanceLoader] [39m[32mProvidersModule dependencies initialized[39m[38;5;3m +0ms[39m
[32m[Nest] 33056  - [39m05/11/2026, 1:05:22 AM [32m    LOG[39m [38;5;3m[RoutesResolver] [39m[32mAuthController {/api/auth}:[39m[38;5;3m +523ms[39m
[32m[Nest] 33056  - [39m05/11/2026, 1:05:22 AM [32m    LOG[39m [38;5;3m[RouterExplorer] [39m[32mMapped {/api/auth/login, POST} route[39m[38;5;3m +8ms[39m
[32m[Nest] 33056  - [39m05/11/2026, 1:05:22 AM [32m    LOG[39m [38;5;3m[RouterExplorer] [39m[32mMapped {/api/auth/me, GET} route[39m[38;5;3m +1ms[39m
[32m[Nest] 33056  - [39m05/11/2026, 1:05:22 AM [32m    LOG[39m [38;5;3m[RoutesResolver] [39m[32mSystemController {/api/system}:[39m[38;5;3m +0ms[39m
[32m[Nest] 33056  - [39m05/11/2026, 1:05:22 AM [32m    LOG[39m [38;5;3m[RouterExplorer] [39m[32mMapped {/api/system/status, GET} route[39m[38;5;3m +1ms[39m
[32m[Nest] 33056  - [39m05/11[32m[Nest] 33052  - [39m05/11/2026, 1:05:22 AM [32m    LOG[39m [38;5;3m[RouterExplorer] [39m[32mMapped {/api/system/status, GET} route[39m[32m[Nest] 33056  - [39m05/11/2026, 1:05:22 AM [32m    LOG[39m [38;5;3m[RouterExplorer] [39m[32mMapped {/api/operational-data, GET} route[39m[38;5;3m +1ms[39m
[32m[Nest] 33056  - [39m05[32m[Nest] 33052  - [39m05/11/2026, 1:05:22 AM [32m    LOG[39m [38;5;3m[RouterExplorer] [39m[32mMapped {/api/operational-data, GET} rout[32m[Nest] 33056  - [39m05/11/2026, 1:05:22 AM [32m    LOG[39m [38;5;3m[RouterExplorer] [39m[32mMapped {/api/appointments, POST} route[39m[38;5;3m +1ms[39m
[32m[Nest] 33056  - [39m05/11/2026, 1:05:22 AM [32m    LOG[39m [38;5;3m[RouterExplorer] [39m[32mMapped {/api/appointments/:id, DELETE} route[39m[38;5;3m +1ms[39m
[32m[Nest] 33056  - [39[32m[Nest] 33052  - [39m05/11/2026, 1:05:22 AM [32m    LOG[39m [38;5;3m[RouterExplorer] [39m[32mMapped {/api/appointments/:id, DELETE} route[39m[38;5;3m +1ms[39m
[32m[Nest] 33052  - [39m05/11/2026, 1:05:22 AM [32m    LOG[39m [38;5;3m[RouterExplorer] [39m[32mMapped {/api/appointments/:id/status, PATCH} route[39m[38;5;3m +2ms[39m
[32m[Nest] 33052  - [39m05/11/2026, 1:05:22 AM [32m    LOG[39m [38;5;3m[RoutesResolver] [39m[32mCustomersController {/api/customers}:[39m[38;5;3m +0ms[39m
[32m[Nest] 33052  - [39m05/11/2026, 1:05:22 AM [32m    LOG[39m [38;5;3m[RouterExplorer] [39m[32mMapped {/api/customers, POST} route[3[32m[Nest] 33056  - [32m[Nest] 33052  - [39m05/11/2026, 1:05:22 AM [32m    LOG[39m [38;5;3m[RoutesResolver] [39m[32mCommunicationsController {/api/communicatio[32m[Nest] 33056  - [39m05/[32m[Nest] 33052  - [39m05/11/2026, 1:05:22 AM [32m    LOG[39m [38;5;3m[RouterExplorer] [39m[32mMapped {/api/communications, POST[32m[Nest] 33056  - [39m05/11/[32m[Nest] 33052  - [39m05/11/2026, 1:05:22 AM [32m    LOG[39m [38;5;3m[RoutesResolver] [39m[32mFollowupsController {/api/followu[32m[Nest] 33056  - [39m05/[32m[Nest] 33052  - [39m05/11/2026, 1:05:22 AM [32m    LOG[39m [38;5;3m[RouterExplorer] [39m[32mMapped {/api/followups/:id, PATCH} route[32m[Nest] 33056  - [3[32m[Nest] 33052  - [39m05/11/2026, 1:05:22 AM [32m    LOG[39m [38;5;3m[RoutesResolver] [39m[32mOrganizationsController {/api/organizations}:[32m[Nest] 33056  - [39[32m[Nest] 33052  - [39m05/11/2026, 1:05:22 AM [32m    LOG[39m [38;5;3m[RouterExplorer] [39m[32mMapped {/api/organizations/:id, PATCH[32m[Nest] 33056  - [39m05/11/[32m[Nest] 33052  - [39m05/11/2026, 1:05:22 AM [32m    LOG[39m [38;5;3m[RoutesResolver] [39m[32mProvidersController {/api/provide[32m[Nest] 33056  - [39m05/[32m[Nest] 33052  - [39m05/11/2026, 1:05:22 AM [32m    LOG[39m [38;5;3m[RouterExplorer] [39m[32mMapped {/api/providers/:id, PATCH} route[39m[38[32m[Nest] 33056  - [39m05/11/2026, 1:05:23 AM [32m    LOG[39m [38;5;3m[NestApplication] [39m[32mNest application successfully started[39m[38;5;3m +1186ms[39m
ute[39m[38;5;3m +0ms[39m
[32m[Nest] 33052  - [39m05/11/2026, 1:05:23 AM [32m    LOG[39m [38;5;3m[NestApplication] [39m[32mNest application successfully started[39m[38;5;3m +1220ms[39m
